# mini-mall-gin-gorm/cmd/server
cmd/server/main.go:14:2: no required module provides package github.com/joho/godotenv; to add it:
	go get github.com/joho/godotenv
# mini-mall-gin-gorm/cmd/server
cmd/server/main.go:15:2: no required module provides package gorm.io/driver/mysql; to add it:
	go get gorm.io/driver/mysql
# mini-mall-gin-gorm/cmd/server
cmd/server/main.go:16:2: no required module provides package gorm.io/gorm; to add it:
	go get gorm.io/gorm
# mini-mall-gin-gorm/cmd/server
cmd/server/main.go:17:2: no required module provides package gorm.io/gorm/logger; to add it:
	go get gorm.io/gorm/logger
# mini-mall-gin-gorm/cmd/server
internal/handler/product_handler.go:11:2: no required module provides package github.com/gin-gonic/gin; to add it:
	go get github.com/gin-gonic/gin
# mini-mall-gin-gorm/cmd/server
internal/repository/product_repository.go:9:2: no required module provides package gorm.io/gorm/clause; to add it:
	go get gorm.io/gorm/clause
FAIL	mini-mall-gin-gorm/cmd/server [setup failed]
# mini-mall-gin-gorm/internal/handler
internal/handler/product_handler.go:11:2: no required module provides package github.com/gin-gonic/gin; to add it:
	go get github.com/gin-gonic/gin
# mini-mall-gin-gorm/internal/handler
cmd/server/main.go:16:2: no required module provides package gorm.io/gorm; to add it:
	go get gorm.io/gorm
# mini-mall-gin-gorm/internal/handler
internal/repository/product_repository.go:9:2: no required module provides package gorm.io/gorm/clause; to add it:
	go get gorm.io/gorm/clause
FAIL	mini-mall-gin-gorm/internal/handler [setup failed]
# mini-mall-gin-gorm/internal/repository
cmd/server/main.go:16:2: no required module provides package gorm.io/gorm; to add it:
	go get gorm.io/gorm
# mini-mall-gin-gorm/internal/repository
internal/repository/product_repository.go:9:2: no required module provides package gorm.io/gorm/clause; to add it:
	go get gorm.io/gorm/clause
FAIL	mini-mall-gin-gorm/internal/repository [setup failed]
# mini-mall-gin-gorm/internal/router
internal/handler/product_handler.go:11:2: no required module provides package github.com/gin-gonic/gin; to add it:
	go get github.com/gin-gonic/gin
# mini-mall-gin-gorm/internal/router
cmd/server/main.go:16:2: no required module provides package gorm.io/gorm; to add it:
	go get gorm.io/gorm
# mini-mall-gin-gorm/internal/router
internal/repository/product_repository.go:9:2: no required module provides package gorm.io/gorm/clause; to add it:
	go get gorm.io/gorm/clause
FAIL	mini-mall-gin-gorm/internal/router [setup failed]
# mini-mall-gin-gorm/internal/service
cmd/server/main.go:16:2: no required module provides package gorm.io/gorm; to add it:
	go get gorm.io/gorm
# mini-mall-gin-gorm/internal/service
internal/repository/product_repository.go:9:2: no required module provides package gorm.io/gorm/clause; to add it:
	go get gorm.io/gorm/clause
FAIL	mini-mall-gin-gorm/internal/service [setup failed]
# mini-mall-gin-gorm/pkg/jwtutil
pkg/jwtutil/jwt.go:7:2: no required module provides package github.com/golang-jwt/jwt/v5; to add it:
	go get github.com/golang-jwt/jwt/v5
FAIL	mini-mall-gin-gorm/pkg/jwtutil [setup failed]
# mini-mall-gin-gorm/pkg/password
pkg/password/password.go:3:8: no required module provides package golang.org/x/crypto/bcrypt; to add it:
	go get golang.org/x/crypto/bcrypt
FAIL	mini-mall-gin-gorm/pkg/password [setup failed]
# mini-mall-gin-gorm/pkg/response
internal/handler/product_handler.go:11:2: no required module provides package github.com/gin-gonic/gin; to add it:
	go get github.com/gin-gonic/gin
FAIL	mini-mall-gin-gorm/pkg/response [setup failed]
# mini-mall-gin-gorm/internal/config
internal/config/config.go:2:1: syntax error: non-declaration statement outside function body
internal/config/config.go:4:1: syntax error: imports must appear before other declarations
# mini-mall-gin-gorm/internal/middleware
internal/middleware/jwt_auth.go:2:1: syntax error: non-declaration statement outside function body
internal/middleware/jwt_auth.go:4:1: syntax error: imports must appear before other declarations
FAIL	mini-mall-gin-gorm/internal/config [build failed]
FAIL	mini-mall-gin-gorm/internal/middleware [build failed]
# mini-mall-gin-gorm/internal/model
internal/model/user.go:2:1: syntax error: non-declaration statement outside function body
internal/model/user.go:4:1: syntax error: imports must appear before other declarations
FAIL	mini-mall-gin-gorm/internal/model [build failed]
FAIL
